Printer Summary:
AST Parsed     : 44469/44469 (100.00%)
Positive Passed: 44469/44469 (100.00%)
