Test262 Summary:
AST Parsed     : 43960/43960 (100.00%)
